loady
## Ready for binary (ymodem) download to 0x82000000 at 115200 bps...
CTX)/0(CAN) packets, 6 retries
## Total Size      = 0x0044d200 = 4510208 Bytes
=> nand write 0x82000000 0x400000 0x800000

NAND write: device 0 offset 0x400000, size 0x800000
 8388608 bytes written: OK
=> setenv ipaddr 10.10.104.29
=> setenv ipaddr 10.10.104.29 8 10.10.104.28  10.10.104.28  10.10.104.28  10.10.104.28 sip 10.10.104.28eip 10.10.104.28rip 10.10.104.28vip 10.10.104.28eip 10.10.104.28rip 10.10.104.28
=> tftp 0x82000000 0x  10.10.104.28:core-image-minimal-mtdutils-agappe-20180807165945.rootfs.ubi
link up on port 0, speed 100, full duplex
Using ethernet@4a100000 device
TFTP from server 10.10.104.28; our IP address is 10.10.104.29
Filename 'core-image-minimal-mtdutils-agappe-20180807165945.rootfs.ubi'.
Load address: 0x82000000
Loading: *#################################################################
	 #################################################################
	 #################################################################
	 #################################################################
	 #################################################################
	 #################################################################
	 #################################################################
	 #################################################################
	 #################################################################
	 #################################################################
	 #################################################################
	 #################################################################
	 #################################################################
	 #################################################################
	 #################################################################
	 #################################################################
	 #################################################################
	 #################################################################
	 #################################################################
	 #################################################################
	 #################################################################
	 #################################################################
	 #################################################################
	 #################################################################
	 #################################################################
	 #################################################################
	 #################################################################
	 #################################################################
	 #################################################################
	 #################################################################
	 #################################################################
	 #################################################################
	 #################################################################
	 #################################################################
	 #################################################################
	 #################################################################
	 #################################################################
	 #################################################################
	 #################################################################
	 #################################################################
	 #################################################################
	 #################################################################
	 #################################################################
	 #################################################################
	 #################################################################
	 #################################################################
	 #################################################################
	 #################################################################
	 #################################################################
	 #################################################################
	 #################################################################
	 #################################################################
	 #################################################################
	 #################################################################
	 #################################################################
	 #################################################################
	 #################################################################
	 #################################################################
	 #################################################################
	 #################################################################
	 #################################################################
	 #################################################################
	 #################################################################
	 #################################################################
	 #################################################################
	 #################################################################
	 #################################################################
	 #################################################################
	 #################################################################
	 #################################################################
	 #################################################################
	 #################################################################
	 #################################################################
	 #################################################################
	 #################################################################
	 #################################################################
	 #################################################################
	 #################################################################
	 #################################################################
	 #################################################################
	 #################################################################
	 #################################################################
	 #################################################################
	 #################################################################
	 #################################################################
	 #################################################################
	 #################################################################
	 #################################################################
	 #################################################################
	 #################################################################
	 #################################################################
	 #################################################################
	 #################################################################
	 #################################################################
	 #################################################################
	 #################################################################
	 #################################################################
	 #################################################################
	 #################################################################
	 #################################################################
	 #######################################################################################################################
	 #################################################################
	 #################################################################
	 #################################################################
	 #################################################################
	 #################################################################
	 #################################################################
	 #################################################################
	 #################################################################
	 #################################################################
	 #################################################################
	 #################################################################
	 #################################################################
	 #################################################################
	 #################################################################
	 #################################################################
	 #################################################################
	 #################################################################
	 #################################################################
	 #################################################################
	 #################################################################
	 #################################################################
	 #################################################################
	 #################################################################
	 #################################################################
	 #################################################################
	 #################################################################
	 #################################################################
	 #################################################################
	 #################################################################
	 #################################################################
	 #################################################################
	 #################################################################
	 #################################################################
	 #################################################################
	 #################################################################
	 #################################################################
	 #################################################################
	 #################################################################
	 #################################################################
	 #################################################################
	 #################################################################
	 #################################################################
	 #################################################################
	 #################################################################
	 #################################################################
	 #################################################################
	 #################################################################
	 #################################################################
	 #################################################################
	 #################################################################
	 #################################################################
	 #################################################################
	 #################################################################
	 #################################################################
	 #################################################################
	 #################################################################
	 #################################################################
	 #################################################################
	 #################################################################
	 #################################################################
	 #################################################################
	 #################################################################
	 #################################################################
	 #################################################################
	 #################################################################
	 #################################################################
	 #################################################################
	 #################################################################
	 #################################################################
	 #################################################################
	 #################################################################
	 #################################################################
	 #################################################################
	 #################################################################
	 #################################################################
	 #################################################################
	 #################################################################
	 #################################################################
	 #################################################################
	 #################################################################
	 #################################################################
	 #################################################################
	 #################################################################
	 #################################################################
	 #################################################################
	 #################################################################
	 #################################################################
	 #################################################################
	 #################################################################
	 #################################################################
	 #################################################################
	 #################################################################
	 #################################################################
	 #################################################################
	 #################################################################
	 #################################################################
	 #################################################################
	 #################################################################
	 #################################################################
	 #######################################################################################################################
	 #################################################################
	 #################################################################
	 #################################################################
	 #################################################################
	 #################################################################
	 #################################################################
	 #################################################################
	 #################################################################
	 #################################################################
	 #################################################################
	 #################################################################
	 #################################################################
	 #################################################################
	 #################################################################
	 #################################################################
	 #################################################################
	 #################################################################
	 #################################################################
	 #################################################################
	 #################################################################
	 #################################################################
	 #################################################################
	 #################################################################
	 #################################################################
	 #################################################################
	 #################################################################
	 #################################################################
	 #################################################################
	 #################################################################
	 #################################################################
	 #################################################################
	 #################################################################
	 #################################################################
	 #################################################################
	 #################################################################
	 #################################################################
	 #################################################################
	 #################################################################
	 #################################################################
	 #################################################################
	 #################################################################
	 #################################################################
	 #################################################################
	 #################################################################
	 #################################################################
	 #################################################################
	 #################################################################
	 #################################################################
	 #################################################################
	 #################################################################
	 #################################################################
	 #################################################################
	 #################################################################
	 #################################################################
	 #################################################################
	 #################################################################
	 #################################################################
	 #################################################################
	 #################################################################
	 #################################################################
	 #################################################################
	 #################################################################
	 #################################################################
	 #################################################################
	 #################################################################
	 #################################################################
	 #################################################################
	 #################################################################
	 #################################################################
	 #################################################################
	 #################################################################
	 #################################################################
	 #################################################################
	 #################################################################
	 #################################################################
	 #################################################################
	 #################################################################
	 #################################################################
	 #################################################################
	 #################################################################
	 #################################################################
	 #################################################################
	 #################################################################
	 #################################################################
	 #################################################################
	 #################################################################
	 #################################################################
	 #################################################################
	 #################################################################
	 #################################################################
	 #################################################################
	 #####################################
	 2.6 MiB/s
done
Bytes transferred = 97910784 (5d60000 hex)
=> nand write 0x82000000 0xc00000 0xf400000

NAND write: device 0 offset 0xc00000, size 0xf400000
omap-elm: uncorrectable ECC errors
NAND write to offset c00000 failed -5
 0 bytes written: ERROR
=> nand write 0x82000000 0xc00000 0xf400000                                   erase.part NAND.file-system

NAND erase.part: device 0 offset 0xc00000, size 0xf400000
Erasing at 0xc00000 --   0% complete.Erasing at 0xe60000 --   1% complete.Erasing at 0x10e0000 --   2% complete.Erasing at 0x1340000 --   3% complete.Erasing at 0x15c0000 --   4% complete.Erasing at 0x1820000 --   5% complete.Erasing at 0x1aa0000 --   6% complete.Erasing at 0x1d00000 --   7% complete.Erasing at 0x1f80000 --   8% complete.Erasing at 0x21e0000 --   9% complete.Erasing at 0x2460000 --  10% complete.Erasing at 0x26c0000 --  11% complete.Erasing at 0x2940000 --  12% complete.Erasing at 0x2ba0000 --  13% complete.Erasing at 0x2e20000 --  14% complete.Erasing at 0x3080000 --  15% complete.Erasing at 0x3300000 --  16% complete.Erasing at 0x3560000 --  17% complete.Erasing at 0x37e0000 --  18% complete.Erasing at 0x3a40000 --  19% complete.Erasing at 0x3cc0000 --  20% complete.Erasing at 0x3f20000 --  21% complete.Erasing at 0x41a0000 --  22% complete.Erasing at 0x4400000 --  23% complete.Erasing at 0x4680000 --  24% complete.Erasing at 0x48e0000 --  25% complete.Erasing at 0x4b60000 --  26% complete.Erasing at 0x4de0000 --  27% complete.Erasing at 0x5040000 --  28% complete.Erasing at 0x52c0000 --  29% complete.Erasing at 0x5520000 --  30% complete.Erasing at 0x57a0000 --  31% complete.Erasing at 0x5a00000 --  32% complete.Erasing at 0x5c80000 --  33% complete.Erasing at 0x5ee0000 --  34% complete.Erasing at 0x6160000 --  35% complete.Erasing at 0x63c0000 --  36% complete.Erasing at 0x6640000 --  37% complete.Erasing at 0x68a0000 --  38% complete.Erasing at 0x6b20000 --  39% complete.Erasing at 0x6d80000 --  40% complete.Erasing at 0x7000000 --  41% complete.Erasing at 0x7260000 --  42% complete.Erasing at 0x74e0000 --  43% complete.Erasing at 0x7740000 --  44% complete.Erasing at 0x79c0000 --  45% complete.Erasing at 0x7c20000 --  46% complete.Erasing at 0x7ea0000 --  47% complete.Erasing at 0x8100000 --  48% complete.Erasing at 0x8380000 --  49% complete.Erasing at 0x85e0000 --  50% complete.Erasing at 0x8860000 --  51% complete.Erasing at 0x8ae0000 --  52% complete.Erasing at 0x8d40000 --  53% complete.Erasing at 0x8fc0000 --  54% complete.Erasing at 0x9220000 --  55% complete.Erasing at 0x94a0000 --  56% complete.Erasing at 0x9700000 --  57% complete.Erasing at 0x9980000 --  58% complete.Erasing at 0x9be0000 --  59% complete.Erasing at 0x9e60000 --  60% complete.Erasing at 0xa0c0000 --  61% complete.Erasing at 0xa340000 --  62% complete.Erasing at 0xa5a0000 --  63% complete.Erasing at 0xa820000 --  64% complete.Erasing at 0xaa80000 --  65% complete.Erasing at 0xad00000 --  66% complete.Erasing at 0xaf60000 --  67% complete.Erasing at 0xb1e0000 --  68% complete.Erasing at 0xb440000 --  69% complete.Erasing at 0xb6c0000 --  70% complete.Erasing at 0xb920000 --  71% complete.Erasing at 0xbba0000 --  72% complete.Erasing at 0xbe00000 --  73% complete.Erasing at 0xc080000 --  74% complete.Erasing at 0xc2e0000 --  75% complete.Erasing at 0xc560000 --  76% complete.Erasing at 0xc7e0000 --  77% complete.Erasing at 0xca40000 --  78% complete.Erasing at 0xccc0000 --  79% complete.Erasing at 0xcf20000 --  80% complete.Erasing at 0xd1a0000 --  81% complete.Erasing at 0xd400000 --  82% complete.Erasing at 0xd680000 --  83% complete.Erasing at 0xd8e0000 --  84% complete.Erasing at 0xdb60000 --  85% complete.Erasing at 0xddc0000 --  86% complete.Erasing at 0xe040000 --  87% complete.Erasing at 0xe2a0000 --  88% complete.Erasing at 0xe520000 --  89% complete.Erasing at 0xe780000 --  90% complete.Erasing at 0xea00000 --  91% complete.Erasing at 0xec60000 --  92% complete.Erasing at 0xeee0000 --  93% complete.Erasing at 0xf140000 --  94% complete.Erasing at 0xf3c0000 --  95% complete.Erasing at 0xf620000 --  96% complete.Erasing at 0xf8a0000 --  97% complete.Erasing at 0xfb00000 --  98% complete.Erasing at 0xfd80000 --  99% complete.Erasing at 0xffe0000 -- 100% complete.
OK
=> nand erase.part NAND.file-system                                nand write 0x82000000 0xc00000 0xf400000

NAND write: device 0 offset 0xc00000, size 0xf400000
 255852544 bytes written: OK
=> =  run nandboot
Booting from nand ...

NAND read: device 0 offset 0x80000, size 0x40000
 262144 bytes read: OK

NAND read: device 0 offset 0x400000, size 0x800000
 8388608 bytes read: OK
## Flattened Device Tree blob at 88000000
   Booting using the fdt blob at 0x88000000
   Loading Device Tree to 8fff2000, end 8ffff28e ... OK

Starting kernel ...

[    0.000000] Booting Linux on physical CPU 0x0
[    0.000000] Linux version 4.19.94-g0af52b464637-dirty (agappe@agappe-Precision-T5610) (gcc version 8.3.0 (GNU Toolchain for the A-profile Architecture 8.3-2019.03 (arm-rel-8.36))) #1 PREEMPT Tue Aug 23 14:55:54 IST 2022
[    0.000000] CPU: ARMv7 Processor [413fc082] revision 2 (ARMv7), cr=10c5387d
[    0.000000] CPU: PIPT / VIPT nonaliasing data cache, VIPT aliasing instruction cache
[    0.000000] OF: fdt: Machine model: TI AM335x EVM
[    0.000000] Memory policy: Data cache writeback
[    0.000000] efi: Getting EFI parameters from FDT:
[    0.000000] efi: UEFI not found.
[    0.000000] cma: Reserved 48 MiB at 0x9d000000
[    0.000000] CPU: All CPU(s) started in SVC mode.
[    0.000000] AM335X ES2.1 (neon)
[    0.000000] random: get_random_bytes called from start_kernel+0xa4/0x434 with crng_init=0
[    0.000000] Built 1 zonelists, mobility grouping on.  Total pages: 129920
[    0.000000] Kernel command line: console=ttyS0,115200n8 root=ubi0:rootfs rw ubi.mtd=NAND.file-system,2048 rootfstype=ubifs rootwait=1
[    0.000000] Dentry cache hash table entries: 65536 (order: 6, 262144 bytes)
[    0.000000] Inode-cache hash table entries: 32768 (order: 5, 131072 bytes)
[    0.000000] Memory: 455900K/524288K available (9216K kernel code, 344K rwdata, 2900K rodata, 1024K init, 254K bss, 19236K reserved, 49152K cma-reserved, 0K highmem)
[    0.000000] Virtual kernel memory layout:
[    0.000000]     vector  : 0xffff0000 - 0xffff1000   (   4 kB)
[    0.000000]     fixmap  : 0xffc00000 - 0xfff00000   (3072 kB)
[    0.000000]     vmalloc : 0xe0800000 - 0xff800000   ( 496 MB)
[    0.000000]     lowmem  : 0xc0000000 - 0xe0000000   ( 512 MB)
[    0.000000]     pkmap   : 0xbfe00000 - 0xc0000000   (   2 MB)
[    0.000000]     modules : 0xbf000000 - 0xbfe00000   (  14 MB)
[    0.000000]       .text : 0x(ptrval) - 0x(ptrval)   (10208 kB)
[    0.000000]       .init : 0x(ptrval) - 0x(ptrval)   (1024 kB)
[    0.000000]       .data : 0x(ptrval) - 0x(ptrval)   ( 345 kB)
[    0.000000]        .bss : 0x(ptrval) - 0x(ptrval)   ( 255 kB)
[    0.000000] SLUB: HWalign=64, Order=0-3, MinObjects=0, CPUs=1, Nodes=1
[    0.000000] rcu: Preemptible hierarchical RCU implementation.
[    0.000000] 	Tasks RCU enabled.
[    0.000000] NR_IRQS: 16, nr_irqs: 16, preallocated irqs: 16
[    0.000000] IRQ: Found an INTC at 0x(ptrval) (revision 5.0) with 128 interrupts
[    0.000000] OMAP clockevent source: timer2 at 24000000 Hz
[    0.000020] sched_clock: 32 bits at 24MHz, resolution 41ns, wraps every 89478484971ns
[    0.000050] clocksource: timer1: mask: 0xffffffff max_cycles: 0xffffffff, max_idle_ns: 79635851949 ns
[    0.000066] OMAP clocksource: timer1 at 24000000 Hz
[    0.000317] timer_probe: no matching timers found
[    0.000559] Console: colour dummy device 80x30
[    0.000648] Calibrating delay loop... 597.60 BogoMIPS (lpj=2988032)
[    0.118696] pid_max: default: 32768 minimum: 301
[    0.118962] Mount-cache hash table entries: 1024 (order: 0, 4096 bytes)
[    0.118983] Mountpoint-cache hash table entries: 1024 (order: 0, 4096 bytes)
[    0.120038] CPU: Testing write buffer coherency: ok
[    0.120118] CPU0: Spectre v2: using BPIALL workaround
[    0.121239] Setting up static identity map for 0x80100000 - 0x80100060
[    0.121446] rcu: Hierarchical SRCU implementation.
[    0.121910] EFI services will not be available.
[    0.123845] devtmpfs: initialized
[    0.136153] VFP support v0.3: implementor 41 architecture 3 part 30 variant c rev 3
[    0.136662] clocksource: jiffies: mask: 0xffffffff max_cycles: 0xffffffff, max_idle_ns: 19112604462750000 ns
[    0.136695] futex hash table entries: 256 (order: -1, 3072 bytes)
[    0.141457] pinctrl core: initialized pinctrl subsystem
[    0.142411] DMI not present or invalid.
[    0.142948] NET: Registered protocol family 16
[    0.146193] DMA: preallocated 256 KiB pool for atomic coherent allocations
[    0.177481] l4_wkup_cm:clk:0010:0: failed to disable
[    0.232723] cpuidle: using governor ladder
[    0.232776] cpuidle: using governor menu
[    0.239879] OMAP GPIO hardware version 0.1
[    0.254695] No ATAGs?
[    0.254709] hw-breakpoint: debug architecture 0x4 unsupported.
[    0.276762] edma 49000000.edma: TI EDMA DMA engine driver
[    0.282601] SCSI subsystem initialized
[    0.282925] usbcore: registered new interface driver usbfs
[    0.283008] usbcore: registered new interface driver hub
[    0.283161] usbcore: registered new device driver usb
[    0.283891] media: Linux media interface: v0.10
[    0.283951] videodev: Linux video capture interface: v2.00
[    0.284084] pps_core: LinuxPPS API ver. 1 registered
[    0.284099] pps_core: Software ver. 5.3.6 - Copyright 2005-2007 Rodolfo Giometti <giometti@linux.it>
[    0.284130] PTP clock support registered
[    0.284181] EDAC MC: Ver: 3.0.0
[    0.285530] omap-mailbox 480c8000.mailbox: omap mailbox rev 0x400
[    0.286306] Advanced Linux Sound Architecture Driver Initialized.
[    0.287886] clocksource: Switched to clocksource timer1
[    0.299716] NET: Registered protocol family 2
[    0.300803] tcp_listen_portaddr_hash hash table entries: 512 (order: 0, 4096 bytes)
[    0.300851] TCP established hash table entries: 4096 (order: 2, 16384 bytes)
[    0.300917] TCP bind hash table entries: 4096 (order: 2, 16384 bytes)
[    0.300979] TCP: Hash tables configured (established 4096 bind 4096)
[    0.301121] UDP hash table entries: 256 (order: 0, 4096 bytes)
[    0.301163] UDP-Lite hash table entries: 256 (order: 0, 4096 bytes)
[    0.301384] NET: Registered protocol family 1
[    0.302101] RPC: Registered named UNIX socket transport module.
[    0.302120] RPC: Registered udp transport module.
[    0.302130] RPC: Registered tcp transport module.
[    0.302139] RPC: Registered tcp NFSv4.1 backchannel transport module.
[    0.303356] hw perfevents: enabled with armv7_cortex_a8 PMU driver, 5 counters available
[    0.305118] Initialise system trusted keyrings
[    0.305515] workingset: timestamp_bits=14 max_order=17 bucket_order=3
[    0.312638] squashfs: version 4.0 (2009/01/31) Phillip Lougher
[    0.313651] NFS: Registering the id_resolver key type
[    0.313702] Key type id_resolver registered
[    0.313713] Key type id_legacy registered
[    0.313773] ntfs: driver 2.1.32 [Flags: R/O].
[    0.316793] Key type asymmetric registered
[    0.316817] Asymmetric key parser 'x509' registered
[    0.316906] Block layer SCSI generic (bsg) driver version 0.4 loaded (major 245)
[    0.316925] io scheduler noop registered
[    0.316936] io scheduler deadline registered
[    0.317284] io scheduler cfq registered (default)
[    0.317301] io scheduler mq-deadline registered
[    0.317313] io scheduler kyber registered
[    0.320566] pinctrl-single 44e10800.pinmux: 142 pins, size 568
[    0.325454] pwm-backlight backlight: backlight supply power not found, using dummy regulator
[    0.325571] pwm-backlight backlight: Linked as a consumer to regulator.0
[    0.328614] Serial: 8250/16550 driver, 10 ports, IRQ sharing enabled
[    0.333539] console [ttyS0] disabled
[    0.333655] 44e09000.serial: ttyS0 at MMIO 0x44e09000 (irq = 30, base_baud = 3000000) is a 8250
[    0.973243] console [ttyS0] enabled
[    0.978111] 48022000.serial: ttyS1 at MMIO 0x48022000 (irq = 31, base_baud = 3000000) is a 8250
[    0.988073] 481a8000.serial: ttyS4 at MMIO 0x481a8000 (irq = 32, base_baud = 3000000) is a 8250
[    0.999634] omap_rng 48310000.rng: Random Number Generator ver. 20
[    1.008126] random: fast init done
[    1.011839] random: crng init done
[    1.015981] tilcdc-panel panel: pins are not configured
[    1.021963] OF: graph: no port node found in /ocp/lcdc@4830e000
[    1.028266] OF: graph: no port node found in /ocp/lcdc@4830e000
[    1.034834] OF: graph: no port node found in /ocp/lcdc@4830e000
[    1.040886] [drm] Supports vblank timestamp caching Rev 2 (21.10.2013).
[    1.047535] [drm] No driver support for vblank timestamp query.
[    1.074610] Console: switching to colour frame buffer device 100x37
[    1.101195] tilcdc 4830e000.lcdc: fb0: DRM emulated frame buffer device
[    1.108752] [drm] Initialized tilcdc 1.0.0 20121205 for 4830e000.lcdc on minor 0
[    1.132162] brd: module loaded
[    1.144267] loop: module loaded
[    1.153401] libphy: Fixed MDIO Bus: probed
[    1.227991] davinci_mdio 4a101000.mdio: davinci mdio revision 1.6, bus freq 1000000
[    1.235704] davinci_mdio 4a101000.mdio: detected phy mask fffffffe
[    1.243230] libphy: 4a101000.mdio: probed
[    1.247284] davinci_mdio 4a101000.mdio: phy[0]: device 4a101000.mdio:00, driver SMSC LAN8710/LAN8720
[    1.257723] cpsw 4a100000.ethernet: Detected MACID = 40:06:a0:1c:1e:78
[    1.264623] cpsw 4a100000.ethernet: initialized cpsw ale version 1.4
[    1.271176] cpsw 4a100000.ethernet: ALE Table size 1024
[    1.276477] cpsw 4a100000.ethernet: cpts: overflow check period 500 (jiffies)
[    1.285253] usbcore: registered new interface driver asix
[    1.290918] usbcore: registered new interface driver ax88179_178a
[    1.297096] usbcore: registered new interface driver cdc_ether
[    1.303113] usbcore: registered new interface driver smsc75xx
[    1.308974] usbcore: registered new interface driver net1080
[    1.314707] usbcore: registered new interface driver cdc_subset
[    1.320736] usbcore: registered new interface driver zaurus
[    1.326408] usbcore: registered new interface driver cdc_ncm
[    1.332717] ehci_hcd: USB 2.0 'Enhanced' Host Controller (EHCI) Driver
[    1.339337] ehci-pci: EHCI PCI platform driver
[    1.343879] ehci-platform: EHCI generic platform driver
[    1.354305] l4_per_cm:clk:0000:0: failed to disable
[    1.359562] ehci-omap: OMAP-EHCI Host Controller driver
[    1.365058] usbcore: registered new interface driver usblp
[    1.370726] usbcore: registered new interface driver usb-storage
[    1.376824] usbcore: registered new interface driver usbtest
[    1.385708] am335x-phy-driver 47401300.usb-phy: 47401300.usb-phy supply vcc not found, using dummy regulator
[    1.395858] am335x-phy-driver 47401300.usb-phy: Linked as a consumer to regulator.0
[    1.409026] musb-hdrc musb-hdrc.1: musb_init_controller failed with status -19
[    1.423481] udc-core: couldn't find an available UDC - added [g_mass_storage] to list of pending drivers
[    1.433534] mousedev: PS/2 mouse device common for all mice
[    1.440096] usbcore: registered new interface driver appletouch
[    1.446123] usbcore: registered new interface driver bcm5974
[    1.453208] omap_rtc 44e3e000.rtc: already running
[    1.458769] omap_rtc 44e3e000.rtc: registered as rtc0
[    1.464501] i2c /dev entries driver
[    1.470863] cpuidle: enable-method property 'ti,am3352' found operations
[    1.478444] sdhci: Secure Digital Host Controller Interface driver
[    1.484659] sdhci: Copyright(c) Pierre Ossman
[    1.491594] ledtrig-cpu: registered to indicate activity on CPUs
[    1.499451] usbcore: registered new interface driver usbhid
[    1.505061] usbhid: USB HID core driver
[    1.515493] NET: Registered protocol family 10
[    1.521772] Segment Routing with IPv6
[    1.525593] sit: IPv6, IPv4 and MPLS over IPv4 tunneling driver
[    1.532751] NET: Registered protocol family 17
[    1.537618] Key type dns_resolver registered
[    1.542424] omap_voltage_late_init: Voltage driver support not added
[    1.550048] Loading compiled-in X.509 certificates
[    1.566624] omap-gpmc 50000000.gpmc: GPMC revision 6.0
[    1.572032] gpmc_mem_init: disabling cs 0 mapped at 0x0-0x1000000
[    1.580396] nand: device found, Manufacturer ID: 0x2c, Chip ID: 0xda
[    1.586791] nand: Micron MT29F2G08ABAEAWP
[    1.590916] nand: 256 MiB, SLC, erase size: 128 KiB, page size: 2048, OOB size: 64
[    1.598641] nand: using OMAP_ECC_BCH8_CODE_HW ECC scheme
[    1.604160] 10 fixed-partitions partitions found on MTD device omap2-nand.0
[    1.611195] Creating 10 MTD partitions on "omap2-nand.0":
[    1.616633] 0x000000000000-0x000000020000 : "NAND.SPL"
[    1.623261] 0x000000020000-0x000000040000 : "NAND.SPL.backup1"
[    1.630397] 0x000000040000-0x000000060000 : "NAND.SPL.backup2"
[    1.637373] 0x000000060000-0x000000080000 : "NAND.SPL.backup3"
[    1.644465] 0x000000080000-0x0000000c0000 : "NAND.u-boot-spl-os"
[    1.651757] 0x0000000c0000-0x0000003c0000 : "NAND.u-boot"
[    1.659720] 0x0000003c0000-0x0000003e0000 : "NAND.u-boot-env"
[    1.666625] 0x0000003e0000-0x000000400000 : "NAND.u-boot-env.backup1"
[    1.674332] 0x000000400000-0x000000c00000 : "NAND.kernel"
[    1.684705] 0x000000c00000-0x000010000000 : "NAND.file-system"
[    2.827912] omap_i2c 44e0b000.i2c: timeout waiting for bus ready
[    3.847907] omap_i2c 44e0b000.i2c: timeout waiting for bus ready
[    3.853967] tps65910 0-002d: Failed to set masks in 0x51: -16
[    3.859777] tps65910 0-002d: Failed to add irq_chip -16
[    4.877906] omap_i2c 44e0b000.i2c: timeout waiting for bus ready
[    4.884010] tps65910-pmic: probe of tps65910-pmic failed with error -16
[    5.907904] omap_i2c 44e0b000.i2c: timeout waiting for bus ready
[    5.914001] tps65910-rtc: probe of tps65910-rtc failed with error -16
[    5.922110] input: TSC2007 Touchscreen as /devices/platform/ocp/44e0b000.i2c/i2c-0/0-0048/input/input0
[    5.932151] omap_i2c 44e0b000.i2c: bus 0 rev0.11 at 400 kHz
[    5.938045] pinctrl-single 44e10800.pinmux: Invalid number of rows: 0
[    5.944528] pinctrl-single 44e10800.pinmux: no pins entries for pinmux_i2c1_pins
[    5.952036] omap_i2c: probe of 4802a000.i2c failed with error -22
[    5.963019] musb-hdrc musb-hdrc.0: MUSB HDRC host driver
[    5.968497] musb-hdrc musb-hdrc.0: new USB bus registered, assigned bus number 1
[    5.976246] usb usb1: New USB device found, idVendor=1d6b, idProduct=0002, bcdDevice= 4.19
[    5.984622] usb usb1: New USB device strings: Mfr=3, Product=2, SerialNumber=1
[    5.991906] usb usb1: Product: MUSB HDRC host driver
[    5.996897] usb usb1: Manufacturer: Linux 4.19.94-g0af52b464637-dirty musb-hcd
[    6.004175] usb usb1: SerialNumber: musb-hdrc.0
[    6.009595] hub 1-0:1.0: USB hub found
[    6.013452] hub 1-0:1.0: 1 port detected
[    6.023099] ubi0: attaching mtd9
[    6.457926] usb 1-1: new high-speed USB device number 2 using musb-hdrc
[    6.638142] usb 1-1: New USB device found, idVendor=0424, idProduct=2514, bcdDevice= b.b3
[    6.646386] usb 1-1: New USB device strings: Mfr=0, Product=0, SerialNumber=0
[    6.655117] hub 1-1:1.0: USB hub found
[    6.659148] hub 1-1:1.0: 4 ports detected
[    7.213006] ubi0: scanning is finished
[    7.259737] ubi0: volume 0 ("rootfs") re-sized from 745 to 1908 LEBs
[    7.267051] ubi0: attached mtd9 (name "NAND.file-system", size 244 MiB)
[    7.273800] ubi0: PEB size: 131072 bytes (128 KiB), LEB size: 126976 bytes
[    7.280735] ubi0: min./max. I/O unit sizes: 2048/2048, sub-page size 512
[    7.287470] ubi0: VID header offset: 2048 (aligned 2048), data offset: 4096
[    7.294485] ubi0: good PEBs: 1952, bad PEBs: 0, corrupted PEBs: 0
[    7.300628] ubi0: user volume: 1, internal volumes: 1, max. volumes count: 128
[    7.307911] ubi0: max/mean erase counter: 1/0, WL threshold: 4096, image sequence number: 1752192299
[    7.317089] ubi0: available PEBs: 0, total reserved PEBs: 1952, PEBs reserved for bad PEB handling: 40
[    7.326470] ubi0: background thread "ubi_bgt0d" started, PID 56
[    7.332951] omap_rtc 44e3e000.rtc: setting system clock to 2018-08-07 23:15:59 UTC (1533683759)
[    7.346079] ALSA device list:
[    7.349899]   No soundcards found.
[    7.363425] UBIFS (ubi0:0): background thread "ubifs_bgt0_0" started, PID 57
[    7.464650] UBIFS (ubi0:0): start fixing up free space
[   33.047181] UBIFS (ubi0:0): free space fixup complete
[   33.094159] UBIFS (ubi0:0): UBIFS: mounted UBI device 0, volume 0, name "rootfs"
[   33.101680] UBIFS (ubi0:0): LEB size: 126976 bytes (124 KiB), min./max. I/O unit sizes: 2048 bytes/2048 bytes
[   33.111673] UBIFS (ubi0:0): FS size: 240873472 bytes (229 MiB, 1897 LEBs), journal size 9023488 bytes (8 MiB, 72 LEBs)
[   33.122450] UBIFS (ubi0:0): reserved for root: 0 bytes (0 KiB)
[   33.128338] UBIFS (ubi0:0): media format: w4/r0 (latest is w5/r0), UUID 6EFA0A9B-2AFB-4CC1-8DB7-70A46A37C2EF, small LPT model
[   33.141623] VFS: Mounted root (ubifs filesystem) on device 0:15.
[   33.148941] devtmpfs: mounted
[   33.153947] Freeing unused kernel memory: 1024K
[   33.159269] Run /sbin/init as init process
INIT: version 2.88 booting
Starting udev
[   33.766435] udevd[80]: starting version 182
Starting Bootlog daemon: bootlogd: cannot allocate pseudo tty: No such file or directory
bootlogd.
Populating dev cache
[   37.608090] vbat: disabling
[   37.610937] lis3_reg: disabling
[   37.614096] wlan-en-regulator: disabling
INIT: Entering runlevel: 5
Configuring network interfaces... [   37.949907] net eth0: initializing cpsw version 1.12 (0)
[   38.059039] SMSC LAN8710/LAN8720 4a101000.mdio:00: attached PHY driver [SMSC LAN8710/LAN8720] (mii_bus:phy_addr=4a101000.mdio:00, irq=POLL)
[   38.079799] IPv6: ADDRCONF(NETDEV_UP): eth0: link is not ready
udhcpc (v1.22.1) started
Sending discover...
[   40.168849] cpsw 4a100000.ethernet eth0: Link is Up - 100Mbps/Full - flow control off
[   40.176820] IPv6: ADDRCONF(NETDEV_CHANGE): eth0: link becomes ready
Sending discover...
Sending discover...
No lease, failing
Starting system message bus: dbus.
Starting OpenBSD Secure Shell server: sshd
  generating ssh RSA key...
  generating ssh ECDSA key...
  generating ssh DSA key...
  generating ssh ED25519 key...
done.
Starting syslogd/klogd: done
ps: invalid option -- 'a'
BusyBox v1.22.1 (2018-04-13 11:53:53 IST) multi-call binary.

Usage: ps 

cupsd: Child exited with status 1
cups: unable to start scheduler.
Stopping Bootlog daemon: bootlogd.

Poky (Yocto Project Reference Distro) 1.6.3 agappe /dev/ttyO0

agappe login: root
root@agappe:~# ./tscd /usr/bin
root@agappe:/usr/bin# ./tsroot@agappe:/usr/bin# ./ts_teroot@agappe:/usr/bin# ./ts_test 
[   93.097918] omap_i2c 44e0b000.i2c: timeout waiting for bus ready
[   93.104009] tsc2007 0-0048: i2c io error: -16
[   93.104009] 
[   93.104009] 
[   93.104009] 
ts_open: Device or resource busy
root@agappe:/usr/bin# [  108

U-Boot 2019.01-g49b1c79594-dirty (Aug 23 2022 - 14:15:40 +0530)

CPU  : AM335X-GP rev 2.1
Model: TI AM335x EVM
DRAM:  512 MiB
NAND:  256 MiB
MMC:   OMAP SD/MMC: 0
Loading Environment from FAT... In:    serial@44e09000
Out:   serial@44e09000
Err:   serial@44e09000
ethaddr : 40:06:a0:1c:1e:78
<ethaddr> not set. Validating first E-fuse MAC
eth1addr : 40:06:a0:1c:1e:7a
Net:   eth0: ethernet@4a100000
Hit any key to stop autoboot:  2  1  0 
Booting from nand ...

NAND read: device 0 offset 0x80000, size 0x40000
 262144 bytes read: OK

NAND read: device 0 offset 0x400000, size 0x800000
 8388608 bytes read: OK
## Flattened Device Tree blob at 88000000
   Booting using the fdt blob at 0x88000000
   Loading Device Tree to 8fff2000, end 8ffff28e ... OK

Starting kernel ...

[    0.000000] Booting Linux on physical CPU 0x0
[    0.000000] Linux version 4.19.94-g0af52b464637-dirty (agappe@agappe-Precision-T5610) (gcc version 8.3.0 (GNU Toolchain for the A-profile Architecture 8.3-2019.03 (arm-rel-8.36))) #1 PREEMPT Tue Aug 23 14:55:54 IST 2022
[    0.000000] CPU: ARMv7 Processor [413fc082] revision 2 (ARMv7), cr=10c5387d
[    0.000000] CPU: PIPT / VIPT nonaliasing data cache, VIPT aliasing instruction cache
[    0.000000] OF: fdt: Machine model: TI AM335x EVM
[    0.000000] Memory policy: Data cache writeback
[    0.000000] efi: Getting EFI parameters from FDT:
[    0.000000] efi: UEFI not found.
[    0.000000] cma: Reserved 48 MiB at 0x9d000000
[    0.000000] CPU: All CPU(s) started in SVC mode.
[    0.000000] AM335X ES2.1 (neon)
[    0.000000] random: get_random_bytes called from start_kernel+0xa4/0x434 with crng_init=0
[    0.000000] Built 1 zonelists, mobility grouping on.  Total pages: 129920
[    0.000000] Kernel command line: console=ttyS0,115200n8 root=ubi0:rootfs rw ubi.mtd=NAND.file-system,2048 rootfstype=ubifs rootwait=1
[    0.000000] Dentry cache hash table entries: 65536 (order: 6, 262144 bytes)
[    0.000000] Inode-cache hash table entries: 32768 (order: 5, 131072 bytes)
[    0.000000] Memory: 455900K/524288K available (9216K kernel code, 344K rwdata, 2900K rodata, 1024K init, 254K bss, 19236K reserved, 49152K cma-reserved, 0K highmem)
[    0.000000] Virtual kernel memory layout:
[    0.000000]     vector  : 0xffff0000 - 0xffff1000   (   4 kB)
[    0.000000]     fixmap  : 0xffc00000 - 0xfff00000   (3072 kB)
[    0.000000]     vmalloc : 0xe0800000 - 0xff800000   ( 496 MB)
[    0.000000]     lowmem  : 0xc0000000 - 0xe0000000   ( 512 MB)
[    0.000000]     pkmap   : 0xbfe00000 - 0xc0000000   (   2 MB)
[    0.000000]     modules : 0xbf000000 - 0xbfe00000   (  14 MB)
[    0.000000]       .text : 0x(ptrval) - 0x(ptrval)   (10208 kB)
[    0.000000]       .init : 0x(ptrval) - 0x(ptrval)   (1024 kB)
[    0.000000]       .data : 0x(ptrval) - 0x(ptrval)   ( 345 kB)
[    0.000000]        .bss : 0x(ptrval) - 0x(ptrval)   ( 255 kB)
[    0.000000] SLUB: HWalign=64, Order=0-3, MinObjects=0, CPUs=1, Nodes=1
[    0.000000] rcu: Preemptible hierarchical RCU implementation.
[    0.000000] 	Tasks RCU enabled.
[    0.000000] NR_IRQS: 16, nr_irqs: 16, preallocated irqs: 16
[    0.000000] IRQ: Found an INTC at 0x(ptrval) (revision 5.0) with 128 interrupts
[    0.000000] OMAP clockevent source: timer2 at 24000000 Hz
[    0.000022] sched_clock: 32 bits at 24MHz, resolution 41ns, wraps every 89478484971ns
[    0.000051] clocksource: timer1: mask: 0xffffffff max_cycles: 0xffffffff, max_idle_ns: 79635851949 ns
[    0.000067] OMAP clocksource: timer1 at 24000000 Hz
[    0.000319] timer_probe: no matching timers found
[    0.000562] Console: colour dummy device 80x30
[    0.000651] Calibrating delay loop... 597.60 BogoMIPS (lpj=2988032)
[    0.118698] pid_max: default: 32768 minimum: 301
[    0.118972] Mount-cache hash table entries: 1024 (order: 0, 4096 bytes)
[    0.118993] Mountpoint-cache hash table entries: 1024 (order: 0, 4096 bytes)
[    0.120051] CPU: Testing write buffer coherency: ok
[    0.120132] CPU0: Spectre v2: using BPIALL workaround
[    0.121265] Setting up static identity map for 0x80100000 - 0x80100060
[    0.121478] rcu: Hierarchical SRCU implementation.
[    0.121952] EFI services will not be available.
[    0.123904] devtmpfs: initialized
[    0.136221] VFP support v0.3: implementor 41 architecture 3 part 30 variant c rev 3
[    0.136729] clocksource: jiffies: mask: 0xffffffff max_cycles: 0xffffffff, max_idle_ns: 19112604462750000 ns
[    0.136762] futex hash table entries: 256 (order: -1, 3072 bytes)
[    0.141515] pinctrl core: initialized pinctrl subsystem
[    0.142483] DMI not present or invalid.
[    0.143017] NET: Registered protocol family 16
[    0.146276] DMA: preallocated 256 KiB pool for atomic coherent allocations
[    0.177591] l4_wkup_cm:clk:0010:0: failed to disable
[    0.232817] cpuidle: using governor ladder
[    0.232871] cpuidle: using governor menu
[    0.239978] OMAP GPIO hardware version 0.1
[    0.254786] No ATAGs?
[    0.254801] hw-breakpoint: debug architecture 0x4 unsupported.
[    0.276880] edma 49000000.edma: TI EDMA DMA engine driver
[    0.282755] SCSI subsystem initialized
[    0.283076] usbcore: registered new interface driver usbfs
[    0.283161] usbcore: registered new interface driver hub
[    0.283312] usbcore: registered new device driver usb
[    0.284050] media: Linux media interface: v0.10
[    0.284112] videodev: Linux video capture interface: v2.00
[    0.284244] pps_core: LinuxPPS API ver. 1 registered
[    0.284257] pps_core: Software ver. 5.3.6 - Copyright 2005-2007 Rodolfo Giometti <giometti@linux.it>
[    0.284289] PTP clock support registered
[    0.284338] EDAC MC: Ver: 3.0.0
[    0.285688] omap-mailbox 480c8000.mailbox: omap mailbox rev 0x400
[    0.286464] Advanced Linux Sound Architecture Driver Initialized.
[    0.288045] clocksource: Switched to clocksource timer1
[    0.299857] NET: Registered protocol family 2
[    0.300951] tcp_listen_portaddr_hash hash table entries: 512 (order: 0, 4096 bytes)
[    0.300995] TCP established hash table entries: 4096 (order: 2, 16384 bytes)
[    0.301061] TCP bind hash table entries: 4096 (order: 2, 16384 bytes)
[    0.301123] TCP: Hash tables configured (established 4096 bind 4096)
[    0.301260] UDP hash table entries: 256 (order: 0, 4096 bytes)
[    0.301303] UDP-Lite hash table entries: 256 (order: 0, 4096 bytes)
[    0.301515] NET: Registered protocol family 1
[    0.302236] RPC: Registered named UNIX socket transport module.
[    0.302254] RPC: Registered udp transport module.
[    0.302263] RPC: Registered tcp transport module.
[    0.302273] RPC: Registered tcp NFSv4.1 backchannel transport module.
[    0.303504] hw perfevents: enabled with armv7_cortex_a8 PMU driver, 5 counters available
[    0.305267] Initialise system trusted keyrings
[    0.305667] workingset: timestamp_bits=14 max_order=17 bucket_order=3
[    0.312809] squashfs: version 4.0 (2009/01/31) Phillip Lougher
[    0.313820] NFS: Registering the id_resolver key type
[    0.313871] Key type id_resolver registered
[    0.313884] Key type id_legacy registered
[    0.313943] ntfs: driver 2.1.32 [Flags: R/O].
[    0.316967] Key type asymmetric registered
[    0.316991] Asymmetric key parser 'x509' registered
[    0.317083] Block layer SCSI generic (bsg) driver version 0.4 loaded (major 245)
[    0.317101] io scheduler noop registered
[    0.317112] io scheduler deadline registered
[    0.317456] io scheduler cfq registered (default)
[    0.317474] io scheduler mq-deadline registered
[    0.317486] io scheduler kyber registered
[    0.320741] pinctrl-single 44e10800.pinmux: 142 pins, size 568
[    0.325612] pwm-backlight backlight: backlight supply power not found, using dummy regulator
[    0.325730] pwm-backlight backlight: Linked as a consumer to regulator.0
[    0.328797] Serial: 8250/16550 driver, 10 ports, IRQ sharing enabled
[    0.333750] console [ttyS0] disabled
[    0.333865] 44e09000.serial: ttyS0 at MMIO 0x44e09000 (irq = 30, base_baud = 3000000) is a 8250
[    0.973450] console [ttyS0] enabled
[    0.978301] 48022000.serial: ttyS1 at MMIO 0x48022000 (irq = 31, base_baud = 3000000) is a 8250
[    0.988262] 481a8000.serial: ttyS4 at MMIO 0x481a8000 (irq = 32, base_baud = 3000000) is a 8250
[    0.999819] omap_rng 48310000.rng: Random Number Generator ver. 20
[    1.008291] random: fast init done
[    1.012001] random: crng init done
[    1.016154] tilcdc-panel panel: pins are not configured
[    1.022142] OF: graph: no port node found in /ocp/lcdc@4830e000
[    1.028448] OF: graph: no port node found in /ocp/lcdc@4830e000
[    1.035023] OF: graph: no port node found in /ocp/lcdc@4830e000
[    1.041070] [drm] Supports vblank timestamp caching Rev 2 (21.10.2013).
[    1.047719] [drm] No driver support for vblank timestamp query.
[    1.077775] Console: switching to colour frame buffer device 100x37
[    1.104375] tilcdc 4830e000.lcdc: fb0: DRM emulated frame buffer device
[    1.111928] [drm] Initialized tilcdc 1.0.0 20121205 for 4830e000.lcdc on minor 0
[    1.135373] brd: module loaded
[    1.147463] loop: module loaded
[    1.156608] libphy: Fixed MDIO Bus: probed
[    1.238135] davinci_mdio 4a101000.mdio: davinci mdio revision 1.6, bus freq 1000000
[    1.245847] davinci_mdio 4a101000.mdio: detected phy mask fffffffe
[    1.253397] libphy: 4a101000.mdio: probed
[    1.257455] davinci_mdio 4a101000.mdio: phy[0]: device 4a101000.mdio:00, driver SMSC LAN8710/LAN8720
[    1.267903] cpsw 4a100000.ethernet: Detected MACID = 40:06:a0:1c:1e:78
[    1.274846] cpsw 4a100000.ethernet: initialized cpsw ale version 1.4
[    1.281362] cpsw 4a100000.ethernet: ALE Table size 1024
[    1.286664] cpsw 4a100000.ethernet: cpts: overflow check period 500 (jiffies)
[    1.295440] usbcore: registered new interface driver asix
[    1.301111] usbcore: registered new interface driver ax88179_178a
[    1.307289] usbcore: registered new interface driver cdc_ether
[    1.313292] usbcore: registered new interface driver smsc75xx
[    1.319151] usbcore: registered new interface driver net1080
[    1.324882] usbcore: registered new interface driver cdc_subset
[    1.330916] usbcore: registered new interface driver zaurus
[    1.336591] usbcore: registered new interface driver cdc_ncm
[    1.342910] ehci_hcd: USB 2.0 'Enhanced' Host Controller (EHCI) Driver
[    1.349530] ehci-pci: EHCI PCI platform driver
[    1.354074] ehci-platform: EHCI generic platform driver
[    1.359804] ehci-omap: OMAP-EHCI Host Controller driver
[    1.365299] usbcore: registered new interface driver usblp
[    1.370936] usbcore: registered new interface driver usb-storage
[    1.377036] usbcore: registered new interface driver usbtest
[    1.385923] am335x-phy-driver 47401300.usb-phy: 47401300.usb-phy supply vcc not found, using dummy regulator
[    1.396076] am335x-phy-driver 47401300.usb-phy: Linked as a consumer to regulator.0
[    1.409219] musb-hdrc musb-hdrc.1: musb_init_controller failed with status -19
[    1.423673] udc-core: couldn't find an available UDC - added [g_mass_storage] to list of pending drivers
[    1.433728] mousedev: PS/2 mouse device common for all mice
[    1.440294] usbcore: registered new interface driver appletouch
[    1.446323] usbcore: registered new interface driver bcm5974
[    1.454037] omap_rtc 44e3e000.rtc: registered as rtc0
[    1.459917] i2c /dev entries driver
[    1.466178] cpuidle: enable-method property 'ti,am3352' found operations
[    1.473644] sdhci: Secure Digital Host Controller Interface driver
[    1.480005] sdhci: Copyright(c) Pierre Ossman
[    1.486910] ledtrig-cpu: registered to indicate activity on CPUs
[    1.494810] usbcore: registered new interface driver usbhid
[    1.500489] usbhid: USB HID core driver
[    1.511107] NET: Registered protocol family 10
[    1.517234] Segment Routing with IPv6
[    1.521218] sit: IPv6, IPv4 and MPLS over IPv4 tunneling driver
[    1.528350] NET: Registered protocol family 17
[    1.533222] Key type dns_resolver registered
[    1.537865] omap_voltage_late_init: Voltage driver support not added
[    1.545541] Loading compiled-in X.509 certificates
[    1.562250] omap-gpmc 50000000.gpmc: GPMC revision 6.0
[    1.567450] gpmc_mem_init: disabling cs 0 mapped at 0x0-0x1000000
[    1.575963] nand: device found, Manufacturer ID: 0x2c, Chip ID: 0xda
[    1.582523] nand: Micron MT29F2G08ABAEAWP
[    1.586562] nand: 256 MiB, SLC, erase size: 128 KiB, page size: 2048, OOB size: 64
[    1.594296] nand: using OMAP_ECC_BCH8_CODE_HW ECC scheme
[    1.599849] 10 fixed-partitions partitions found on MTD device omap2-nand.0
[    1.606847] Creating 10 MTD partitions on "omap2-nand.0":
[    1.612313] 0x000000000000-0x000000020000 : "NAND.SPL"
[    1.618977] 0x000000020000-0x000000040000 : "NAND.SPL.backup1"
[    1.626036] 0x000000040000-0x000000060000 : "NAND.SPL.backup2"
[    1.633112] 0x000000060000-0x000000080000 : "NAND.SPL.backup3"
[    1.640190] 0x000000080000-0x0000000c0000 : "NAND.u-boot-spl-os"
[    1.647381] 0x0000000c0000-0x0000003c0000 : "NAND.u-boot"
[    1.655384] 0x0000003c0000-0x0000003e0000 : "NAND.u-boot-env"
[    1.662357] 0x0000003e0000-0x000000400000 : "NAND.u-boot-env.backup1"
[    1.670040] 0x000000400000-0x000000c00000 : "NAND.kernel"
[    1.680405] 0x000000c00000-0x000010000000 : "NAND.file-system"
[    1.831693] vrtc: supplied by vbat
[    1.839058] vio: supplied by vbat
[    1.843987] vdd1: supplied by vbat
[    1.849332] vdd2: supplied by vbat
[    1.856220] vdig1: supplied by vbat
[    1.861249] vdig2: supplied by vbat
[    1.866230] vpll: supplied by vbat
[    1.871156] vdac: supplied by vbat
[    1.876026] vaux1: supplied by vbat
[    1.881080] vaux2: supplied by vbat
[    1.886040] vaux33: supplied by vbat
[    1.891127] vmmc: supplied by vbat
[    1.896013] vbb: supplied by vbat
[    1.909210] tps65910-rtc tps65910-rtc: registered as rtc1
[    1.916307] input: TSC2007 Touchscreen as /devices/platform/ocp/44e0b000.i2c/i2c-0/0-0048/input/input0
[    1.926331] omap_i2c 44e0b000.i2c: bus 0 rev0.11 at 400 kHz
[    1.932221] pinctrl-single 44e10800.pinmux: Invalid number of rows: 0
[    1.938743] pinctrl-single 44e10800.pinmux: no pins entries for pinmux_i2c1_pins
[    1.946198] omap_i2c: probe of 4802a000.i2c failed with error -22
[    1.957216] musb-hdrc musb-hdrc.0: MUSB HDRC host driver
[    1.962696] musb-hdrc musb-hdrc.0: new USB bus registered, assigned bus number 1
[    1.970450] usb usb1: New USB device found, idVendor=1d6b, idProduct=0002, bcdDevice= 4.19
[    1.978800] usb usb1: New USB device strings: Mfr=3, Product=2, SerialNumber=1
[    1.986062] usb usb1: Product: MUSB HDRC host driver
[    1.991074] usb usb1: Manufacturer: Linux 4.19.94-g0af52b464637-dirty musb-hcd
[    1.998352] usb usb1: SerialNumber: musb-hdrc.0
[    2.003730] hub 1-0:1.0: USB hub found
[    2.007560] hub 1-0:1.0: 1 port detected
[    2.012774] cpu cpu0: Linked as a consumer to regulator.6
[    2.018433] cpu cpu0: Dropping the link to regulator.6
[    2.023838] cpu cpu0: Linked as a consumer to regulator.6
[    2.031745] omap_hsmmc 47810000.mmc: Linked as a consumer to regulator.16
[    2.064957] ubi0: attaching mtd9
[    2.448142] usb 1-1: new high-speed USB device number 2 using musb-hdrc
[    2.628477] usb 1-1: New USB device found, idVendor=0424, idProduct=2514, bcdDevice= b.b3
[    2.636737] usb 1-1: New USB device strings: Mfr=0, Product=0, SerialNumber=0
[    2.647020] hub 1-1:1.0: USB hub found
[    2.651235] hub 1-1:1.0: 4 ports detected
[    3.453783] ubi0: scanning is finished
[    3.482383] ubi0: attached mtd9 (name "NAND.file-system", size 244 MiB)
[    3.489162] ubi0: PEB size: 131072 bytes (128 KiB), LEB size: 126976 bytes
[    3.496075] ubi0: min./max. I/O unit sizes: 2048/2048, sub-page size 512
[    3.502879] ubi0: VID header offset: 2048 (aligned 2048), data offset: 4096
[    3.509940] ubi0: good PEBs: 1952, bad PEBs: 0, corrupted PEBs: 0
[    3.516065] ubi0: user volume: 1, internal volumes: 1, max. volumes count: 128
[    3.523372] ubi0: max/mean erase counter: 2/0, WL threshold: 4096, image sequence number: 1752192299
[    3.532573] ubi0: available PEBs: 0, total reserved PEBs: 1952, PEBs reserved for bad PEB handling: 40
[    3.541991] ubi0: background thread "ubi_bgt0d" started, PID 59
[    3.548493] omap_rtc 44e3e000.rtc: setting system clock to 2000-01-01 00:00:02 UTC (946684802)
[    3.557930] ALSA device list:
[    3.561006]   No soundcards found.
[    3.578160] UBIFS (ubi0:0): background thread "ubifs_bgt0_0" started, PID 60
[    3.654301] UBIFS (ubi0:0): recovery needed
[    3.880079] UBIFS (ubi0:0): recovery completed
[    3.884965] UBIFS (ubi0:0): UBIFS: mounted UBI device 0, volume 0, name "rootfs"
[    3.892497] UBIFS (ubi0:0): LEB size: 126976 bytes (124 KiB), min./max. I/O unit sizes: 2048 bytes/2048 bytes
[    3.902497] UBIFS (ubi0:0): FS size: 240873472 bytes (229 MiB, 1897 LEBs), journal size 9023488 bytes (8 MiB, 72 LEBs)
[    3.913311] UBIFS (ubi0:0): reserved for root: 0 bytes (0 KiB)
[    3.919202] UBIFS (ubi0:0): media format: w4/r0 (latest is w5/r0), UUID 6EFA0A9B-2AFB-4CC1-8DB7-70A46A37C2EF, small LPT model
[    3.931350] VFS: Mounted root (ubifs filesystem) on device 0:15.
[    3.937834] devtmpfs: mounted
[    3.942896] Freeing unused kernel memory: 1024K
[    3.948210] Run /sbin/init as init process
INIT: version 2.88 booting
Starting udev
[    4.686298] udevd[85]: starting version 182
Starting Bootlog daemon: bootlogd: cannot allocate pseudo tty: No such file or directory
bootlogd.
Tue Aug  7 17:02:00 UTC 2018
INIT: Entering runlevel: 5
Configuring network interfaces... [    8.075258] net eth0: initializing cpsw version 1.12 (0)
[    8.189337] SMSC LAN8710/LAN8720 4a101000.mdio:00: attached PHY driver [SMSC LAN8710/LAN8720] (mii_bus:phy_addr=4a101000.mdio:00, irq=POLL)
[    8.214490] IPv6: ADDRCONF(NETDEV_UP): eth0: link is not ready
udhcpc (v1.22.1) started
Sending discover...
[   10.249181] cpsw 4a100000.ethernet eth0: Link is Up - 100Mbps/Full - flow control off
[   10.257241] IPv6: ADDRCONF(NETDEV_CHANGE): eth0: link becomes ready
Sending discover...
Sending discover...
No lease, failing
Starting system message bus: dbus.
Starting OpenBSD Secure Shell server: sshd
done.
Starting syslogd/klogd: done
ps: invalid option -- 'a'
BusyBox v1.22.1 (2018-04-13 11:53:53 IST) multi-call binary.

Usage: ps 

cupsd: Child exited with status 1
cups: unable to start scheduler.
Stopping Bootlog daemon: bootlogd.

Poky (Yocto Project Reference Distro) 1.6.3 agappe /dev/ttyO0

agappe login: root
root@agappe:~# [   33.768158] lis3_reg: disabling
[   33.771374] wlan-en-regulator: disabling

root@agappe:~# ./cd /usr/bin
root@agappe:/usr/bin# ./ts_)troot@agappe:/usr/bin# ./ts_test 
1533661367.001095:   1952   1995    119
1533661367.061070:   2052   1993      0
1533661371.181085:   1597   2076    108
1533661371.241071:   1782   2175      0
1533661371.451083:   1971   2288   1193
1533661371.491073:   1971   2288      0
1533661372.621080:   2812   1937    221
1533661372.701076:   2803   1932    237
1533661372.721075:   2799   1929      0
1533661372.841080:   3053   1896    155
1533661372.881076:   3064   1886    145
1533661372.941069:   3072   1931      0
1533661373.051080:   3064   1896    160
1533661373.091084:   3069   1878    130
1533661373.131089:   3071   1883    128
1533661373.151076:   3074   1888      0
1533661373.251080:   3017   1853    106
1533661373.291075:   3025   1856    109
1533661373.351069:   3020   1887      0
1533661373.451077:   2910   1890    128
1533661373.491071:   2910   1890      0
1533661373.751078:   2745   1800    148
1533661373.791069:   2745   1800      0
1533661373.961079:   2473   1823    159
1533661374.001077:   2464   1818    167
1533661374.041089:   2451   1810    147
1533661374.061073:   2438   1803      0
1533661374.211079:   1909   1982    172
1533661374.231074:   1909   1982      0
1533661374.371079:   1604   1887    137
1533661374.391070:   1604   1887      0
1533661374.511077:   1417   1949    177
1533661374.531072:   1417   1949      0
1533661375.501084:   1222   2216    147
1533661375.521073:   1222   2216      0
1533661375.661080:   1230   2242    252
1533661375.701075:   1221   2230    191
1533661375.741072:   1216   2224      0

U-Boot SPL 2019.01-g49b1c79594-dirty (Aug 23 2022 - 14:15:40 +0530)
Trying to boot from NAND


U-Boot 2019.01-g49b1c79594-dirty (Aug 23 2022 - 14:15:40 +0530)

CPU  : AM335X-GP rev 2.1
Model: TI AM335x EVM
DRAM:  512 MiB
NAND:  256 MiB
MMC:   OMAP SD/MMC: 0
Loading Environment from FAT... In:    serial@44e09000
Out:   serial@44e09000
Err:   serial@44e09000
ethaddr : 40:06:a0:1c:1e:78
<ethaddr> not set. Validating first E-fuse MAC
eth1addr : 40:06:a0:1c:1e:7a
Net:   eth0: ethernet@4a100000
Hit any key to stop autoboot:  2  1  0 
Booting from nand ...

NAND read: device 0 offset 0x80000, size 0x40000
 262144 bytes read: OK

NAND read: device 0 offset 0x400000, size 0x800000
 8388608 bytes read: OK
## Flattened Device Tree blob at 88000000
   Booting using the fdt blob at 0x88000000
   Loading Device Tree to 8fff2000, end 8ffff28e ... OK

Starting kernel ...

[    0.000000] Booting Linux on physical CPU 0x0
[    0.000000] Linux version 4.19.94-g0af52b464637-dirty (agappe@agappe-Precision-T5610) (gcc version 8.3.0 (GNU Toolchain for the A-profile Architecture 8.3-2019.03 (arm-rel-8.36))) #1 PREEMPT Tue Aug 23 14:55:54 IST 2022
[    0.000000] CPU: ARMv7 Processor [413fc082] revision 2 (ARMv7), cr=10c5387d
[    0.000000] CPU: PIPT / VIPT nonaliasing data cache, VIPT aliasing instruction cache
[    0.000000] OF: fdt: Machine model: TI AM335x EVM
[    0.000000] Memory policy: Data cache writeback
[    0.000000] efi: Getting EFI parameters from FDT:
[    0.000000] efi: UEFI not found.
[    0.000000] cma: Reserved 48 MiB at 0x9d000000
[    0.000000] CPU: All CPU(s) started in SVC mode.
[    0.000000] AM335X ES2.1 (neon)
[    0.000000] random: get_random_bytes called from start_kernel+0xa4/0x434 with crng_init=0
[    0.000000] Built 1 zonelists, mobility grouping on.  Total pages: 129920
[    0.000000] Kernel command line: console=ttyS0,115200n8 root=ubi0:rootfs rw ubi.mtd=NAND.file-system,2048 rootfstype=ubifs rootwait=1
[    0.000000] Dentry cache hash table entries: 65536 (order: 6, 262144 bytes)
[    0.000000] Inode-cache hash table entries: 32768 (order: 5, 131072 bytes)
[    0.000000] Memory: 455900K/524288K available (9216K kernel code, 344K rwdata, 2900K rodata, 1024K init, 254K bss, 19236K reserved, 49152K cma-reserved, 0K highmem)
[    0.000000] Virtual kernel memory layout:
[    0.000000]     vector  : 0xffff0000 - 0xffff1000   (   4 kB)
[    0.000000]     fixmap  : 0xffc00000 - 0xfff00000   (3072 kB)
[    0.000000]     vmalloc : 0xe0800000 - 0xff800000   ( 496 MB)
[    0.000000]     lowmem  : 0xc0000000 - 0xe0000000   ( 512 MB)
[    0.000000]     pkmap   : 0xbfe00000 - 0xc0000000   (   2 MB)
[    0.000000]     modules : 0xbf000000 - 0xbfe00000   (  14 MB)
[    0.000000]       .text : 0x(ptrval) - 0x(ptrval)   (10208 kB)
[    0.000000]       .init : 0x(ptrval) - 0x(ptrval)   (1024 kB)
[    0.000000]       .data : 0x(ptrval) - 0x(ptrval)   ( 345 kB)
[    0.000000]        .bss : 0x(ptrval) - 0x(ptrval)   ( 255 kB)
[    0.000000] SLUB: HWalign=64, Order=0-3, MinObjects=0, CPUs=1, Nodes=1
[    0.000000] rcu: Preemptible hierarchical RCU implementation.
[    0.000000] 	Tasks RCU enabled.
[    0.000000] NR_IRQS: 16, nr_irqs: 16, preallocated irqs: 16
[    0.000000] IRQ: Found an INTC at 0x(ptrval) (revision 5.0) with 128 interrupts
[    0.000000] OMAP clockevent source: timer2 at 24000000 Hz
[    0.000022] sched_clock: 32 bits at 24MHz, resolution 41ns, wraps every 89478484971ns
[    0.000052] clocksource: timer1: mask: 0xffffffff max_cycles: 0xffffffff, max_idle_ns: 79635851949 ns
[    0.000068] OMAP clocksource: timer1 at 24000000 Hz
[    0.000313] timer_probe: no matching timers found
[    0.000558] Console: colour dummy device 80x30
[    0.000648] Calibrating delay loop... 597.60 BogoMIPS (lpj=2988032)
[    0.118678] pid_max: default: 32768 minimum: 301
[    0.118946] Mount-cache hash table entries: 1024 (order: 0, 4096 bytes)
[    0.118967] Mountpoint-cache hash table entries: 1024 (order: 0, 4096 bytes)
[    0.120015] CPU: Testing write buffer coherency: ok
[    0.120093] CPU0: Spectre v2: using BPIALL workaround
[    0.121212] Setting up static identity map for 0x80100000 - 0x80100060
[    0.121416] rcu: Hierarchical SRCU implementation.
[    0.121887] EFI services will not be available.
[    0.123841] devtmpfs: initialized
[    0.136133] VFP support v0.3: implementor 41 architecture 3 part 30 variant c rev 3
[    0.136640] clocksource: jiffies: mask: 0xffffffff max_cycles: 0xffffffff, max_idle_ns: 19112604462750000 ns
[    0.136672] futex hash table entries: 256 (order: -1, 3072 bytes)
[    0.141434] pinctrl core: initialized pinctrl subsystem
[    0.142385] DMI not present or invalid.
[    0.142921] NET: Registered protocol family 16
[    0.146166] DMA: preallocated 256 KiB pool for atomic coherent allocations
[    0.177467] l4_wkup_cm:clk:0010:0: failed to disable
[    0.232682] cpuidle: using governor ladder
[    0.232738] cpuidle: using governor menu
[    0.239825] OMAP GPIO hardware version 0.1
[    0.254636] No ATAGs?
[    0.254651] hw-breakpoint: debug architecture 0x4 unsupported.
[    0.276717] edma 49000000.edma: TI EDMA DMA engine driver
[    0.282567] SCSI subsystem initialized
[    0.282884] usbcore: registered new interface driver usbfs
[    0.282967] usbcore: registered new interface driver hub
[    0.283120] usbcore: registered new device driver usb
[    0.283856] media: Linux media interface: v0.10
[    0.283920] videodev: Linux video capture interface: v2.00
[    0.284051] pps_core: LinuxPPS API ver. 1 registered
[    0.284064] pps_core: Software ver. 5.3.6 - Copyright 2005-2007 Rodolfo Giometti <giometti@linux.it>
[    0.284096] PTP clock support registered
[    0.284147] EDAC MC: Ver: 3.0.0
[    0.285496] omap-mailbox 480c8000.mailbox: omap mailbox rev 0x400
[    0.286272] Advanced Linux Sound Architecture Driver Initialized.
[    0.287849] clocksource: Switched to clocksource timer1
[    0.299628] NET: Registered protocol family 2
[    0.300711] tcp_listen_portaddr_hash hash table entries: 512 (order: 0, 4096 bytes)
[    0.300758] TCP established hash table entries: 4096 (order: 2, 16384 bytes)
[    0.300825] TCP bind hash table entries: 4096 (order: 2, 16384 bytes)
[    0.300887] TCP: Hash tables configured (established 4096 bind 4096)
[    0.301025] UDP hash table entries: 256 (order: 0, 4096 bytes)
[    0.301069] UDP-Lite hash table entries: 256 (order: 0, 4096 bytes)
[    0.301284] NET: Registered protocol family 1
[    0.302001] RPC: Registered named UNIX socket transport module.
[    0.302018] RPC: Registered udp transport module.
[    0.302028] RPC: Registered tcp transport module.
[    0.302038] RPC: Registered tcp NFSv4.1 backchannel transport module.
[    0.303258] hw perfevents: enabled with armv7_cortex_a8 PMU driver, 5 counters available
[    0.305037] Initialise system trusted keyrings
[    0.305436] workingset: timestamp_bits=14 max_order=17 bucket_order=3
[    0.312577] squashfs: version 4.0 (2009/01/31) Phillip Lougher
[    0.313586] NFS: Registering the id_resolver key type
[    0.313638] Key type id_resolver registered
[    0.313649] Key type id_legacy registered
[    0.313709] ntfs: driver 2.1.32 [Flags: R/O].
[    0.316735] Key type asymmetric registered
[    0.316760] Asymmetric key parser 'x509' registered
[    0.316845] Block layer SCSI generic (bsg) driver version 0.4 loaded (major 245)
[    0.316864] io scheduler noop registered
[    0.316876] io scheduler deadline registered
[    0.317216] io scheduler cfq registered (default)
[    0.317232] io scheduler mq-deadline registered
[    0.317244] io scheduler kyber registered
[    0.320477] pinctrl-single 44e10800.pinmux: 142 pins, size 568
[    0.325383] pwm-backlight backlight: backlight supply power not found, using dummy regulator
[    0.325500] pwm-backlight backlight: Linked as a consumer to regulator.0
[    0.328543] Serial: 8250/16550 driver, 10 ports, IRQ sharing enabled
[    0.333473] console [ttyS0] disabled
[    0.333589] 44e09000.serial: ttyS0 at MMIO 0x44e09000 (irq = 30, base_baud = 3000000) is a 8250
[    0.973166] console [ttyS0] enabled
[    0.978043] 48022000.serial: ttyS1 at MMIO 0x48022000 (irq = 31, base_baud = 3000000) is a 8250
[    0.988011] 481a8000.serial: ttyS4 at MMIO 0x481a8000 (irq = 32, base_baud = 3000000) is a 8250
[    0.999562] omap_rng 48310000.rng: Random Number Generator ver. 20
[    1.008087] random: fast init done
[    1.011793] random: crng init done
[    1.015873] tilcdc-panel panel: pins are not configured
[    1.021844] OF: graph: no port node found in /ocp/lcdc@4830e000
[    1.028156] OF: graph: no port node found in /ocp/lcdc@4830e000
[    1.034718] OF: graph: no port node found in /ocp/lcdc@4830e000
[    1.040768] [drm] Supports vblank timestamp caching Rev 2 (21.10.2013).
[    1.047415] [drm] No driver support for vblank timestamp query.
[    1.082047] Console: switching to colour frame buffer device 100x37
[    1.108645] tilcdc 4830e000.lcdc: fb0: DRM emulated frame buffer device
[    1.116161] [drm] Initialized tilcdc 1.0.0 20121205 for 4830e000.lcdc on minor 0
[    1.139682] brd: module loaded
[    1.151776] loop: module loaded
[    1.161027] libphy: Fixed MDIO Bus: probed
[    1.237948] davinci_mdio 4a101000.mdio: davinci mdio revision 1.6, bus freq 1000000
[    1.245662] davinci_mdio 4a101000.mdio: detected phy mask fffffffe
[    1.253199] libphy: 4a101000.mdio: probed
[    1.257255] davinci_mdio 4a101000.mdio: phy[0]: device 4a101000.mdio:00, driver SMSC LAN8710/LAN8720
[    1.267698] cpsw 4a100000.ethernet: Detected MACID = 40:06:a0:1c:1e:78
[    1.274597] cpsw 4a100000.ethernet: initialized cpsw ale version 1.4
[    1.281142] cpsw 4a100000.ethernet: ALE Table size 1024
[    1.286443] cpsw 4a100000.ethernet: cpts: overflow check period 500 (jiffies)
[    1.295221] usbcore: registered new interface driver asix
[    1.300884] usbcore: registered new interface driver ax88179_178a
[    1.307061] usbcore: registered new interface driver cdc_ether
[    1.313062] usbcore: registered new interface driver smsc75xx
[    1.318922] usbcore: registered new interface driver net1080
[    1.324654] usbcore: registered new interface driver cdc_subset
[    1.330687] usbcore: registered new interface driver zaurus
[    1.336362] usbcore: registered new interface driver cdc_ncm
[    1.342677] ehci_hcd: USB 2.0 'Enhanced' Host Controller (EHCI) Driver
[    1.349296] ehci-pci: EHCI PCI platform driver
[    1.353842] ehci-platform: EHCI generic platform driver
[    1.359602] ehci-omap: OMAP-EHCI Host Controller driver
[    1.365095] usbcore: registered new interface driver usblp
[    1.370734] usbcore: registered new interface driver usb-storage
[    1.376835] usbcore: registered new interface driver usbtest
[    1.385706] am335x-phy-driver 47401300.usb-phy: 47401300.usb-phy supply vcc not found, using dummy regulator
[    1.395862] am335x-phy-driver 47401300.usb-phy: Linked as a consumer to regulator.0
[    1.409002] musb-hdrc musb-hdrc.1: musb_init_controller failed with status -19
[    1.423443] udc-core: couldn't find an available UDC - added [g_mass_storage] to list of pending drivers
[    1.433489] mousedev: PS/2 mouse device common for all mice
[    1.440059] usbcore: registered new interface driver appletouch
[    1.446088] usbcore: registered new interface driver bcm5974
[    1.453172] omap_rtc 44e3e000.rtc: already running
[    1.458737] omap_rtc 44e3e000.rtc: registered as rtc0
[    1.464465] i2c /dev entries driver
[    1.470822] cpuidle: enable-method property 'ti,am3352' found operations
[    1.478289] sdhci: Secure Digital Host Controller Interface driver
[    1.484506] sdhci: Copyright(c) Pierre Ossman
[    1.491543] ledtrig-cpu: registered to indicate activity on CPUs
[    1.499406] usbcore: registered new interface driver usbhid
[    1.505018] usbhid: USB HID core driver
[    1.515470] NET: Registered protocol family 10
[    1.521757] Segment Routing with IPv6
[    1.525575] sit: IPv6, IPv4 and MPLS over IPv4 tunneling driver
[    1.532717] NET: Registered protocol family 17
[    1.537575] Key type dns_resolver registered
[    1.542372] omap_voltage_late_init: Voltage driver support not added
[    1.550005] Loading compiled-in X.509 certificates
[    1.566606] omap-gpmc 50000000.gpmc: GPMC revision 6.0
[    1.572011] gpmc_mem_init: disabling cs 0 mapped at 0x0-0x1000000
[    1.580374] nand: device found, Manufacturer ID: 0x2c, Chip ID: 0xda
[    1.586769] nand: Micron MT29F2G08ABAEAWP
[    1.590890] nand: 256 MiB, SLC, erase size: 128 KiB, page size: 2048, OOB size: 64
[    1.598619] nand: using OMAP_ECC_BCH8_CODE_HW ECC scheme
[    1.604136] 10 fixed-partitions partitions found on MTD device omap2-nand.0
[    1.611173] Creating 10 MTD partitions on "omap2-nand.0":
[    1.616610] 0x000000000000-0x000000020000 : "NAND.SPL"
[    1.623236] 0x000000020000-0x000000040000 : "NAND.SPL.backup1"
[    1.630372] 0x000000040000-0x000000060000 : "NAND.SPL.backup2"
[    1.637348] 0x000000060000-0x000000080000 : "NAND.SPL.backup3"
[    1.644451] 0x000000080000-0x0000000c0000 : "NAND.u-boot-spl-os"
[    1.651736] 0x0000000c0000-0x0000003c0000 : "NAND.u-boot"
[    1.659703] 0x0000003c0000-0x0000003e0000 : "NAND.u-boot-env"
[    1.666599] 0x0000003e0000-0x000000400000 : "NAND.u-boot-env.backup1"
[    1.674295] 0x000000400000-0x000000c00000 : "NAND.kernel"
[    1.684648] 0x000000c00000-0x000010000000 : "NAND.file-system"
[    1.841268] vrtc: supplied by vbat
[    1.848622] vio: supplied by vbat
[    1.853550] vdd1: supplied by vbat
[    1.858901] vdd2: supplied by vbat
[    1.865685] vdig1: supplied by vbat
[    1.870701] vdig2: supplied by vbat
[    1.875683] vpll: supplied by vbat
[    1.880612] vdac: supplied by vbat
[    1.885478] vaux1: supplied by vbat
[    1.890528] vaux2: supplied by vbat
[    1.895485] vaux33: supplied by vbat
[    1.900576] vmmc: supplied by vbat
[    1.905462] vbb: supplied by vbat
[    1.918530] tps65910-rtc tps65910-rtc: registered as rtc1
[    1.925599] input: TSC2007 Touchscreen as /devices/platform/ocp/44e0b000.i2c/i2c-0/0-0048/input/input0
[    1.935615] omap_i2c 44e0b000.i2c: bus 0 rev0.11 at 400 kHz
[    1.941507] pinctrl-single 44e10800.pinmux: Invalid number of rows: 0
[    1.948032] pinctrl-single 44e10800.pinmux: no pins entries for pinmux_i2c1_pins
[    1.955487] omap_i2c: probe of 4802a000.i2c failed with error -22
[    1.966499] musb-hdrc musb-hdrc.0: MUSB HDRC host driver
[    1.971976] musb-hdrc musb-hdrc.0: new USB bus registered, assigned bus number 1
[    1.979729] usb usb1: New USB device found, idVendor=1d6b, idProduct=0002, bcdDevice= 4.19
[    1.988076] usb usb1: New USB device strings: Mfr=3, Product=2, SerialNumber=1
[    1.995337] usb usb1: Product: MUSB HDRC host driver
[    2.000351] usb usb1: Manufacturer: Linux 4.19.94-g0af52b464637-dirty musb-hcd
[    2.007610] usb usb1: SerialNumber: musb-hdrc.0
[    2.012991] hub 1-0:1.0: USB hub found
[    2.016820] hub 1-0:1.0: 1 port detected
[    2.022037] cpu cpu0: Linked as a consumer to regulator.6
[    2.027559] cpu cpu0: Dropping the link to regulator.6
[    2.033096] cpu cpu0: Linked as a consumer to regulator.6
[    2.040989] omap_hsmmc 47810000.mmc: Linked as a consumer to regulator.16
[    2.074604] ubi0: attaching mtd9
[    2.457964] usb 1-1: new high-speed USB device number 2 using musb-hdrc
[    2.638386] usb 1-1: New USB device found, idVendor=0424, idProduct=2514, bcdDevice= b.b3
[    2.646674] usb 1-1: New USB device strings: Mfr=0, Product=0, SerialNumber=0
[    2.656929] hub 1-1:1.0: USB hub found
[    2.661395] hub 1-1:1.0: 4 ports detected
[    3.462527] ubi0: scanning is finished
[    3.491551] ubi0: attached mtd9 (name "NAND.file-system", size 244 MiB)
[    3.498325] ubi0: PEB size: 131072 bytes (128 KiB), LEB size: 126976 bytes
[    3.505239] ubi0: min./max. I/O unit sizes: 2048/2048, sub-page size 512
[    3.512069] ubi0: VID header offset: 2048 (aligned 2048), data offset: 4096
[    3.519101] ubi0: good PEBs: 1952, bad PEBs: 0, corrupted PEBs: 0
[    3.525227] ubi0: user volume: 1, internal volumes: 1, max. volumes count: 128
[    3.532531] ubi0: max/mean erase counter: 2/0, WL threshold: 4096, image sequence number: 1752192299
[    3.541740] ubi0: available PEBs: 0, total reserved PEBs: 1952, PEBs reserved for bad PEB handling: 40
[    3.551148] ubi0: background thread "ubi_bgt0d" started, PID 59
[    3.557622] omap_rtc 44e3e000.rtc: setting system clock to 2018-08-07 17:03:15 UTC (1533661395)
[    3.567193] ALSA device list:
[    3.570327]   No soundcards found.
[    3.577970] UBIFS (ubi0:0): background thread "ubifs_bgt0_0" started, PID 60
[    3.663851] UBIFS (ubi0:0): recovery needed
[    3.824211] UBIFS (ubi0:0): recovery completed
[    3.829214] UBIFS (ubi0:0): UBIFS: mounted UBI device 0, volume 0, name "rootfs"
[    3.836684] UBIFS (ubi0:0): LEB size: 126976 bytes (124 KiB), min./max. I/O unit sizes: 2048 bytes/2048 bytes
[    3.846689] UBIFS (ubi0:0): FS size: 240873472 bytes (229 MiB, 1897 LEBs), journal size 9023488 bytes (8 MiB, 72 LEBs)
[    3.857495] UBIFS (ubi0:0): reserved for root: 0 bytes (0 KiB)
[    3.863390] UBIFS (ubi0:0): media format: w4/r0 (latest is w5/r0), UUID 6EFA0A9B-2AFB-4CC1-8DB7-70A46A37C2EF, small LPT model
[    3.875547] VFS: Mounted root (ubifs filesystem) on device 0:15.
[    3.882109] devtmpfs: mounted
[    3.887097] Freeing unused kernel memory: 1024K
[    3.892425] Run /sbin/init as init process
INIT: version 2.88 booting
Starting udev
[    4.625917] udevd[85]: starting version 182
Starting Bootlog daemon: bootlogd: cannot allocate pseudo tty: No such file or directory
bootlogd.
INIT: Entering runlevel: 5
Configuring network interfaces... [    7.788152] net eth0: initializing cpsw version 1.12 (0)
[    7.909147] SMSC LAN8710/LAN8720 4a101000.mdio:00: attached PHY driver [SMSC LAN8710/LAN8720] (mii_bus:phy_addr=4a101000.mdio:00, irq=POLL)
[    7.934550] IPv6: ADDRCONF(NETDEV_UP): eth0: link is not ready
udhcpc (v1.22.1) started
Sending discover...
[   10.008977] cpsw 4a100000.ethernet eth0: Link is Up - 100Mbps/Full - flow control off
[   10.017021] IPv6: ADDRCONF(NETDEV_CHANGE): eth0: link becomes ready
Sending discover...
Sending discover...
No lease, failing
Starting system message bus: dbus.
Starting OpenBSD Secure Shell server: sshd
done.
Starting syslogd/klogd: done
ps: invalid option -- 'a'
BusyBox v1.22.1 (2018-04-13 11:53:53 IST) multi-call binary.

Usage: ps 

cupsd: Child exited with status 1
cups: unable to start scheduler.
Stopping Bootlog daemon: bootlogd.

Poky (Yocto Project Reference Distro) 1.6.3 agappe /dev/ttyO0

agappe login: root
root@agappe:~# cd /us[   33.767949] lis3_reg: disabling
[   33.771161] wlan-en-regulator: disabling
r/bin
root@agappe:/usr/bin# .?/ts_troot@agappe:/usr/bin# ./ts_test 
1533661438.062115:   1036   3632   1591
1533661438.102081:   1036   3632      0
1533661438.312101:   2097   2222    828
1533661438.332079:   2097   2222      0
1533661438.512087:   1979   2202   1141
1533661438.552076:   1979   2202      0
1533661439.142087:   1445   2336    133
1533661439.222078:   1480   2299      0
1533661439.922109:   2722   2290    434
1533661439.962080:   2722   2290      0
1533661440.072086:   2615   2343    358
1533661440.112077:   2615   2343      0
1533661440.242089:   2888   2301    219
1533661440.282077:   2888   2301      0
1533661440.402086:   3127   2211     96
1533661440.442083:   3130   2212     96
1533661440.462079:   3132   2213      0
1533661440.572088:   3010   2218    104
1533661440.592079:   3010   2218      0
1533661440.852090:   1983   2280    121
1533661440.892078:   1983   2280      0
1533661441.012089:   1389   2354     98
1533661441.052084:   1390   2367    112
1533661441.072081:   1391   2375      0
1533661441.172086:   1295   2305    136
1533661441.192081:   1295   2305      0
1533661441.612097:   1144   1614    172
1533661441.632079:   1144   1614      0
1533661441.762093:   1205   1539    163
1533661441.782080:   1205   1539      0
1533661442.392088:   2514   1541    449
1533661442.412078:   2514   1541      0
1533661442.582086:   3056   1797    137
1533661442.602080:   3056   1797      0
1533661442.882087:   3067   2324     97
1533661442.902092:   3067   2324      0
1533661443.032088:   2999   2575    105
1533661443.052079:   2999   2575      0
1533661443.352088:   2059   2371    371
1533661443.372078:   2059   2371      0
1533661444.802087:   1933   2337    198
1533661444.822081:   1933   2337      0

U-Boot SPL 2019.01-g49b1c79594-dirty (Aug 23 2022 - 14:15:40 +0530)
Trying to boot from NAND


U-Boot 2019.01-g49b1c79594-dirty (Aug 23 2022 - 14:15:40 +0530)

CPU  : AM335X-GP rev 2.1
Model: TI AM335x EVM
DRAM:  512 MiB
NAND:  256 MiB
MMC:   OMAP SD/MMC: 0
Loading Environment from FAT... In:    serial@44e09000
Out:   serial@44e09000
Err:   serial@44e09000
ethaddr : 40:06:a0:1c:1e:78
<ethaddr> not set. Validating first E-fuse MAC
eth1addr : 40:06:a0:1c:1e:7a
Net:   eth0: ethernet@4a100000
Hit any key to stop autoboot:  2  1  0 
Booting from nand ...

NAND read: device 0 offset 0x80000, size 0x40000
 262144 bytes read: OK

NAND read: device 0 offset 0x400000, size 0x800000
 8388608 bytes read: OK
## Flattened Device Tree blob at 88000000
   Booting using the fdt blob at 0x88000000
   Loading Device Tree to 8fff2000, end 8ffff28e ... OK

Starting kernel ...

[    0.000000] Booting Linux on physical CPU 0x0
[    0.000000] Linux version 4.19.94-g0af52b464637-dirty (agappe@agappe-Precision-T5610) (gcc version 8.3.0 (GNU Toolchain for the A-profile Architecture 8.3-2019.03 (arm-rel-8.36))) #1 PREEMPT Tue Aug 23 14:55:54 IST 2022
[    0.000000] CPU: ARMv7 Processor [413fc082] revision 2 (ARMv7), cr=10c5387d
[    0.000000] CPU: PIPT / VIPT nonaliasing data cache, VIPT aliasing instruction cache
[    0.000000] OF: fdt: Machine model: TI AM335x EVM
[    0.000000] Memory policy: Data cache writeback
[    0.000000] efi: Getting EFI parameters from FDT:
[    0.000000] efi: UEFI not found.
[    0.000000] cma: Reserved 48 MiB at 0x9d000000
[    0.000000] CPU: All CPU(s) started in SVC mode.
[    0.000000] AM335X ES2.1 (neon)
[    0.000000] random: get_random_bytes called from start_kernel+0xa4/0x434 with crng_init=0
[    0.000000] Built 1 zonelists, mobility grouping on.  Total pages: 129920
[    0.000000] Kernel command line: console=ttyS0,115200n8 root=ubi0:rootfs rw ubi.mtd=NAND.file-system,2048 rootfstype=ubifs rootwait=1
[    0.000000] Dentry cache hash table entries: 65536 (order: 6, 262144 bytes)
[    0.000000] Inode-cache hash table entries: 32768 (order: 5, 131072 bytes)
[    0.000000] Memory: 455900K/524288K available (9216K kernel code, 344K rwdata, 2900K rodata, 1024K init, 254K bss, 19236K reserved, 49152K cma-reserved, 0K highmem)
[    0.000000] Virtual kernel memory layout:
[    0.000000]     vector  : 0xffff0000 - 0xffff1000   (   4 kB)
[    0.000000]     fixmap  : 0xffc00000 - 0xfff00000   (3072 kB)
[    0.000000]     vmalloc : 0xe0800000 - 0xff800000   ( 496 MB)
[    0.000000]     lowmem  : 0xc0000000 - 0xe0000000   ( 512 MB)
[    0.000000]     pkmap   : 0xbfe00000 - 0xc0000000   (   2 MB)
[    0.000000]     modules : 0xbf000000 - 0xbfe00000   (  14 MB)
[    0.000000]       .text : 0x(ptrval) - 0x(ptrval)   (10208 kB)
[    0.000000]       .init : 0x(ptrval) - 0x(ptrval)   (1024 kB)
[    0.000000]       .data : 0x(ptrval) - 0x(ptrval)   ( 345 kB)
[    0.000000]        .bss : 0x(ptrval) - 0x(ptrval)   ( 255 kB)
[    0.000000] SLUB: HWalign=64, Order=0-3, MinObjects=0, CPUs=1, Nodes=1
[    0.000000] rcu: Preemptible hierarchical RCU implementation.
[    0.000000] 	Tasks RCU enabled.
[    0.000000] NR_IRQS: 16, nr_irqs: 16, preallocated irqs: 16
[    0.000000] IRQ: Found an INTC at 0x(ptrval) (revision 5.0) with 128 interrupts
[    0.000000] OMAP clockevent source: timer2 at 24000000 Hz
[    0.000021] sched_clock: 32 bits at 24MHz, resolution 41ns, wraps every 89478484971ns
[    0.000049] clocksource: timer1: mask: 0xffffffff max_cycles: 0xffffffff, max_idle_ns: 79635851949 ns
[    0.000065] OMAP clocksource: timer1 at 24000000 Hz
[    0.000312] timer_probe: no matching timers found
[    0.000556] Console: colour dummy device 80x30
[    0.000647] Calibrating delay loop... 597.60 BogoMIPS (lpj=2988032)
[    0.118686] pid_max: default: 32768 minimum: 301
[    0.118957] Mount-cache hash table entries: 1024 (order: 0, 4096 bytes)
[    0.118978] Mountpoint-cache hash table entries: 1024 (order: 0, 4096 bytes)
[    0.120031] CPU: Testing write buffer coherency: ok
[    0.120112] CPU0: Spectre v2: using BPIALL workaround
[    0.121227] Setting up static identity map for 0x80100000 - 0x80100060
[    0.121434] rcu: Hierarchical SRCU implementation.
[    0.121903] EFI services will not be available.
[    0.123850] devtmpfs: initialized
[    0.136153] VFP support v0.3: implementor 41 architecture 3 part 30 variant c rev 3
[    0.136665] clocksource: jiffies: mask: 0xffffffff max_cycles: 0xffffffff, max_idle_ns: 19112604462750000 ns
[    0.136697] futex hash table entries: 256 (order: -1, 3072 bytes)
[    0.141478] pinctrl core: initialized pinctrl subsystem
[    0.142428] DMI not present or invalid.
[    0.142964] NET: Registered protocol family 16
[    0.146215] DMA: preallocated 256 KiB pool for atomic coherent allocations
[    0.177512] l4_wkup_cm:clk:0010:0: failed to disable
[    0.232762] cpuidle: using governor ladder
[    0.232817] cpuidle: using governor menu
[    0.239911] OMAP GPIO hardware version 0.1
[    0.254746] No ATAGs?
[    0.254760] hw-breakpoint: debug architecture 0x4 unsupported.
[    0.276847] edma 49000000.edma: TI EDMA DMA engine driver
[    0.282739] SCSI subsystem initialized
[    0.283063] usbcore: registered new interface driver usbfs
[    0.283151] usbcore: registered new interface driver hub
[    0.283301] usbcore: registered new device driver usb
[    0.284038] media: Linux media interface: v0.10
[    0.284103] videodev: Linux video capture interface: v2.00
[    0.284235] pps_core: LinuxPPS API ver. 1 registered
[    0.284249] pps_core: Software ver. 5.3.6 - Copyright 2005-2007 Rodolfo Giometti <giometti@linux.it>
[    0.284282] PTP clock support registered
[    0.284331] EDAC MC: Ver: 3.0.0
[    0.285689] omap-mailbox 480c8000.mailbox: omap mailbox rev 0x400
[    0.286466] Advanced Linux Sound Architecture Driver Initialized.
[    0.288051] clocksource: Switched to clocksource timer1
[    0.299826] NET: Registered protocol family 2
[    0.300916] tcp_listen_portaddr_hash hash table entries: 512 (order: 0, 4096 bytes)
[    0.300961] TCP established hash table entries: 4096 (order: 2, 16384 bytes)
[    0.301027] TCP bind hash table entries: 4096 (order: 2, 16384 bytes)
[    0.301091] TCP: Hash tables configured (established 4096 bind 4096)
[    0.301225] UDP hash table entries: 256 (order: 0, 4096 bytes)
[    0.301267] UDP-Lite hash table entries: 256 (order: 0, 4096 bytes)
[    0.301481] NET: Registered protocol family 1
[    0.302207] RPC: Registered named UNIX socket transport module.
[    0.302225] RPC: Registered udp transport module.
[    0.302235] RPC: Registered tcp transport module.
[    0.302245] RPC: Registered tcp NFSv4.1 backchannel transport module.
[    0.303471] hw perfevents: enabled with armv7_cortex_a8 PMU driver, 5 counters available
[    0.305246] Initialise system trusted keyrings
[    0.305641] workingset: timestamp_bits=14 max_order=17 bucket_order=3
[    0.312774] squashfs: version 4.0 (2009/01/31) Phillip Lougher
[    0.313788] NFS: Registering the id_resolver key type
[    0.313842] Key type id_resolver registered
[    0.313853] Key type id_legacy registered
[    0.313912] ntfs: driver 2.1.32 [Flags: R/O].
[    0.316937] Key type asymmetric registered
[    0.316962] Asymmetric key parser 'x509' registered
[    0.317048] Block layer SCSI generic (bsg) driver version 0.4 loaded (major 245)
[    0.317065] io scheduler noop registered
[    0.317076] io scheduler deadline registered
[    0.317421] io scheduler cfq registered (default)
[    0.317438] io scheduler mq-deadline registered
[    0.317450] io scheduler kyber registered
[    0.320696] pinctrl-single 44e10800.pinmux: 142 pins, size 568
[    0.325598] pwm-backlight backlight: backlight supply power not found, using dummy regulator
[    0.325713] pwm-backlight backlight: Linked as a consumer to regulator.0
[    0.328762] Serial: 8250/16550 driver, 10 ports, IRQ sharing enabled
[    0.333712] console [ttyS0] disabled
[    0.333827] 44e09000.serial: ttyS0 at MMIO 0x44e09000 (irq = 30, base_baud = 3000000) is a 8250
[    0.973405] console [ttyS0] enabled
[    0.978283] 48022000.serial: ttyS1 at MMIO 0x48022000 (irq = 31, base_baud = 3000000) is a 8250
[    0.988245] 481a8000.serial: ttyS4 at MMIO 0x481a8000 (irq = 32, base_baud = 3000000) is a 8250
[    0.999795] omap_rng 48310000.rng: Random Number Generator ver. 20
[    1.008291] random: fast init done
[    1.012002] random: crng init done
[    1.016119] tilcdc-panel panel: pins are not configured
[    1.022103] OF: graph: no port node found in /ocp/lcdc@4830e000
[    1.028412] OF: graph: no port node found in /ocp/lcdc@4830e000
[    1.034981] OF: graph: no port node found in /ocp/lcdc@4830e000
[    1.041028] [drm] Supports vblank timestamp caching Rev 2 (21.10.2013).
[    1.047677] [drm] No driver support for vblank timestamp query.
[    1.079397] Console: switching to colour frame buffer device 100x37
[    1.105953] tilcdc 4830e000.lcdc: fb0: DRM emulated frame buffer device
[    1.113533] [drm] Initialized tilcdc 1.0.0 20121205 for 4830e000.lcdc on minor 0
[    1.136850] brd: module loaded
[    1.149150] loop: module loaded
[    1.158306] libphy: Fixed MDIO Bus: probed
[    1.238156] davinci_mdio 4a101000.mdio: davinci mdio revision 1.6, bus freq 1000000
[    1.245868] davinci_mdio 4a101000.mdio: detected phy mask fffffffe
[    1.253401] libphy: 4a101000.mdio: probed
[    1.257460] davinci_mdio 4a101000.mdio: phy[0]: device 4a101000.mdio:00, driver SMSC LAN8710/LAN8720
[    1.267903] cpsw 4a100000.ethernet: Detected MACID = 40:06:a0:1c:1e:78
[    1.274806] cpsw 4a100000.ethernet: initialized cpsw ale version 1.4
[    1.281355] cpsw 4a100000.ethernet: ALE Table size 1024
[    1.286654] cpsw 4a100000.ethernet: cpts: overflow check period 500 (jiffies)
[    1.295432] usbcore: registered new interface driver asix
[    1.301094] usbcore: registered new interface driver ax88179_178a
[    1.307271] usbcore: registered new interface driver cdc_ether
[    1.313280] usbcore: registered new interface driver smsc75xx
[    1.319136] usbcore: registered new interface driver net1080
[    1.324868] usbcore: registered new interface driver cdc_subset
[    1.330897] usbcore: registered new interface driver zaurus
[    1.336572] usbcore: registered new interface driver cdc_ncm
[    1.342883] ehci_hcd: USB 2.0 'Enhanced' Host Controller (EHCI) Driver
[    1.349499] ehci-pci: EHCI PCI platform driver
[    1.354043] ehci-platform: EHCI generic platform driver
[    1.359756] ehci-omap: OMAP-EHCI Host Controller driver
[    1.365251] usbcore: registered new interface driver usblp
[    1.370887] usbcore: registered new interface driver usb-storage
[    1.376986] usbcore: registered new interface driver usbtest
[    1.385880] am335x-phy-driver 47401300.usb-phy: 47401300.usb-phy supply vcc not found, using dummy regulator
[    1.396025] am335x-phy-driver 47401300.usb-phy: Linked as a consumer to regulator.0
[    1.409183] musb-hdrc musb-hdrc.1: musb_init_controller failed with status -19
[    1.423653] udc-core: couldn't find an available UDC - added [g_mass_storage] to list of pending drivers
[    1.433718] mousedev: PS/2 mouse device common for all mice
[    1.440303] usbcore: registered new interface driver appletouch
[    1.446331] usbcore: registered new interface driver bcm5974
[    1.453427] omap_rtc 44e3e000.rtc: already running
[    1.458998] omap_rtc 44e3e000.rtc: registered as rtc0
[    1.464723] i2c /dev entries driver
[    1.471090] cpuidle: enable-method property 'ti,am3352' found operations
[    1.478553] sdhci: Secure Digital Host Controller Interface driver
[    1.484770] sdhci: Copyright(c) Pierre Ossman
[    1.491823] ledtrig-cpu: registered to indicate activity on CPUs
[    1.499704] usbcore: registered new interface driver usbhid
[    1.505314] usbhid: USB HID core driver
[    1.515789] NET: Registered protocol family 10
[    1.522069] Segment Routing with IPv6
[    1.525885] sit: IPv6, IPv4 and MPLS over IPv4 tunneling driver
[    1.533043] NET: Registered protocol family 17
[    1.537898] Key type dns_resolver registered
[    1.542716] omap_voltage_late_init: Voltage driver support not added
[    1.550346] Loading compiled-in X.509 certificates
[    1.566940] omap-gpmc 50000000.gpmc: GPMC revision 6.0
[    1.572344] gpmc_mem_init: disabling cs 0 mapped at 0x0-0x1000000
[    1.580738] nand: device found, Manufacturer ID: 0x2c, Chip ID: 0xda
[    1.587135] nand: Micron MT29F2G08ABAEAWP
[    1.591264] nand: 256 MiB, SLC, erase size: 128 KiB, page size: 2048, OOB size: 64
[    1.598993] nand: using OMAP_ECC_BCH8_CODE_HW ECC scheme
[    1.604512] 10 fixed-partitions partitions found on MTD device omap2-nand.0
[    1.611550] Creating 10 MTD partitions on "omap2-nand.0":
[    1.616988] 0x000000000000-0x000000020000 : "NAND.SPL"
[    1.623624] 0x000000020000-0x000000040000 : "NAND.SPL.backup1"
[    1.630768] 0x000000040000-0x000000060000 : "NAND.SPL.backup2"
[    1.637743] 0x000000060000-0x000000080000 : "NAND.SPL.backup3"
[    1.644828] 0x000000080000-0x0000000c0000 : "NAND.u-boot-spl-os"
[    1.652117] 0x0000000c0000-0x0000003c0000 : "NAND.u-boot"
[    1.660103] 0x0000003c0000-0x0000003e0000 : "NAND.u-boot-env"
[    1.666995] 0x0000003e0000-0x000000400000 : "NAND.u-boot-env.backup1"
[    1.674704] 0x000000400000-0x000000c00000 : "NAND.kernel"
[    1.685084] 0x000000c00000-0x000010000000 : "NAND.file-system"
[    1.841423] vrtc: supplied by vbat
[    1.848771] vio: supplied by vbat
[    1.853707] vdd1: supplied by vbat
[    1.859046] vdd2: supplied by vbat
[    1.865826] vdig1: supplied by vbat
[    1.870837] vdig2: supplied by vbat
[    1.875819] vpll: supplied by vbat
[    1.880743] vdac: supplied by vbat
[    1.885600] vaux1: supplied by vbat
[    1.890645] vaux2: supplied by vbat
[    1.895602] vaux33: supplied by vbat
[    1.900690] vmmc: supplied by vbat
[    1.905581] vbb: supplied by vbat
[    1.918643] tps65910-rtc tps65910-rtc: registered as rtc1
[    1.925720] input: TSC2007 Touchscreen as /devices/platform/ocp/44e0b000.i2c/i2c-0/0-0048/input/input0
[    1.935740] omap_i2c 44e0b000.i2c: bus 0 rev0.11 at 400 kHz
[    1.941634] pinctrl-single 44e10800.pinmux: Invalid number of rows: 0
[    1.948156] pinctrl-single 44e10800.pinmux: no pins entries for pinmux_i2c1_pins
[    1.955613] omap_i2c: probe of 4802a000.i2c failed with error -22
[    1.966623] musb-hdrc musb-hdrc.0: MUSB HDRC host driver
[    1.972101] musb-hdrc musb-hdrc.0: new USB bus registered, assigned bus number 1
[    1.979855] usb usb1: New USB device found, idVendor=1d6b, idProduct=0002, bcdDevice= 4.19
[    1.988202] usb usb1: New USB device strings: Mfr=3, Product=2, SerialNumber=1
[    1.995463] usb usb1: Product: MUSB HDRC host driver
[    2.000473] usb usb1: Manufacturer: Linux 4.19.94-g0af52b464637-dirty musb-hcd
[    2.007733] usb usb1: SerialNumber: musb-hdrc.0
[    2.013110] hub 1-0:1.0: USB hub found
[    2.016937] hub 1-0:1.0: 1 port detected
[    2.022154] cpu cpu0: Linked as a consumer to regulator.6
[    2.027673] cpu cpu0: Dropping the link to regulator.6
[    2.033208] cpu cpu0: Linked as a consumer to regulator.6
